2026-05-29 02:14:35,082 WARN  org.apache.thrift.transport.TIOStreamTransport:158 - Error closing output stream. 
java.net.SocketException: Socket closed
	at java.base/sun.nio.ch.NioSocketImpl.ensureOpenAndConnected(NioSocketImpl.java:165)
	at java.base/sun.nio.ch.NioSocketImpl.beginWrite(NioSocketImpl.java:371)
	at java.base/sun.nio.ch.NioSocketImpl.implWrite(NioSocketImpl.java:416)
	at java.base/sun.nio.ch.NioSocketImpl.write(NioSocketImpl.java:445)
	at java.base/sun.nio.ch.NioSocketImpl$2.write(NioSocketImpl.java:831)
	at java.base/java.net.Socket$SocketOutputStream.write(Socket.java:1035)
	at java.base/java.io.BufferedOutputStream.flushBuffer(BufferedOutputStream.java:81)
	at java.base/java.io.BufferedOutputStream.flush(BufferedOutputStream.java:142)
	at java.base/java.io.FilterOutputStream.close(FilterOutputStream.java:182)
	at org.apache.thrift.transport.TIOStreamTransport.close(TIOStreamTransport.java:156)
	at org.apache.thrift.transport.TSocket.close(TSocket.java:252)
	at org.apache.iotdb.rpc.TElasticFramedTransport.close(TElasticFramedTransport.java:115)
	at org.apache.iotdb.session.SessionConnection.close(SessionConnection.java:290)
	at org.apache.iotdb.session.Session.close(Session.java:658)
	at org.apache.iotdb.session.TableSession.close(TableSession.java:62)
	at cn.edu.tsinghua.iot.benchmark.iotdb200.DMLStrategy.TableSessionManager.close(TableSessionManager.java:115)
	at cn.edu.tsinghua.iot.benchmark.iotdb200.DMLStrategy.SessionStrategy.close(SessionStrategy.java:493)
	at cn.edu.tsinghua.iot.benchmark.iotdb200.IoTDB.close(IoTDB.java:136)
	at cn.edu.tsinghua.iot.benchmark.tsdb.DBWrapper.close(DBWrapper.java:558)
	at cn.edu.tsinghua.iot.benchmark.client.DataClient.run(DataClient.java:135)
	at java.base/java.util.concurrent.Executors$RunnableAdapter.call(Executors.java:539)
	at java.base/java.util.concurrent.FutureTask.run(FutureTask.java:264)
	at java.base/java.util.concurrent.ThreadPoolExecutor.runWorker(ThreadPoolExecutor.java:1136)
	at java.base/java.util.concurrent.ThreadPoolExecutor$Worker.run(ThreadPoolExecutor.java:635)
	at java.base/java.lang.Thread.run(Thread.java:840)
2026-05-29 02:16:42,071 WARN  org.apache.thrift.transport.TIOStreamTransport:158 - Error closing output stream. 
java.net.SocketException: Socket closed
	at java.base/sun.nio.ch.NioSocketImpl.ensureOpenAndConnected(NioSocketImpl.java:165)
	at java.base/sun.nio.ch.NioSocketImpl.beginWrite(NioSocketImpl.java:371)
	at java.base/sun.nio.ch.NioSocketImpl.implWrite(NioSocketImpl.java:416)
	at java.base/sun.nio.ch.NioSocketImpl.write(NioSocketImpl.java:445)
	at java.base/sun.nio.ch.NioSocketImpl$2.write(NioSocketImpl.java:831)
	at java.base/java.net.Socket$SocketOutputStream.write(Socket.java:1035)
	at java.base/java.io.BufferedOutputStream.flushBuffer(BufferedOutputStream.java:81)
	at java.base/java.io.BufferedOutputStream.flush(BufferedOutputStream.java:142)
	at java.base/java.io.FilterOutputStream.close(FilterOutputStream.java:182)
	at org.apache.thrift.transport.TIOStreamTransport.close(TIOStreamTransport.java:156)
	at org.apache.thrift.transport.TSocket.close(TSocket.java:252)
	at org.apache.iotdb.rpc.TElasticFramedTransport.close(TElasticFramedTransport.java:115)
	at org.apache.iotdb.session.SessionConnection.close(SessionConnection.java:290)
	at org.apache.iotdb.session.Session.close(Session.java:658)
	at org.apache.iotdb.session.TableSession.close(TableSession.java:62)
	at cn.edu.tsinghua.iot.benchmark.iotdb200.DMLStrategy.TableSessionManager.close(TableSessionManager.java:115)
	at cn.edu.tsinghua.iot.benchmark.iotdb200.DMLStrategy.SessionStrategy.close(SessionStrategy.java:493)
	at cn.edu.tsinghua.iot.benchmark.iotdb200.IoTDB.close(IoTDB.java:136)
	at cn.edu.tsinghua.iot.benchmark.tsdb.DBWrapper.close(DBWrapper.java:558)
	at cn.edu.tsinghua.iot.benchmark.client.DataClient.run(DataClient.java:135)
	at java.base/java.util.concurrent.Executors$RunnableAdapter.call(Executors.java:539)
	at java.base/java.util.concurrent.FutureTask.run(FutureTask.java:264)
	at java.base/java.util.concurrent.ThreadPoolExecutor.runWorker(ThreadPoolExecutor.java:1136)
	at java.base/java.util.concurrent.ThreadPoolExecutor$Worker.run(ThreadPoolExecutor.java:635)
	at java.base/java.lang.Thread.run(Thread.java:840)
2026-05-29 02:20:51,483 WARN  org.apache.thrift.transport.TIOStreamTransport:158 - Error closing output stream. 
java.net.SocketException: Socket closed
	at java.base/sun.nio.ch.NioSocketImpl.ensureOpenAndConnected(NioSocketImpl.java:165)
	at java.base/sun.nio.ch.NioSocketImpl.beginWrite(NioSocketImpl.java:371)
	at java.base/sun.nio.ch.NioSocketImpl.implWrite(NioSocketImpl.java:416)
	at java.base/sun.nio.ch.NioSocketImpl.write(NioSocketImpl.java:445)
	at java.base/sun.nio.ch.NioSocketImpl$2.write(NioSocketImpl.java:831)
	at java.base/java.net.Socket$SocketOutputStream.write(Socket.java:1035)
	at java.base/java.io.BufferedOutputStream.flushBuffer(BufferedOutputStream.java:81)
	at java.base/java.io.BufferedOutputStream.flush(BufferedOutputStream.java:142)
	at java.base/java.io.FilterOutputStream.close(FilterOutputStream.java:182)
	at org.apache.thrift.transport.TIOStreamTransport.close(TIOStreamTransport.java:156)
	at org.apache.thrift.transport.TSocket.close(TSocket.java:252)
	at org.apache.iotdb.rpc.TElasticFramedTransport.close(TElasticFramedTransport.java:115)
	at org.apache.iotdb.session.SessionConnection.close(SessionConnection.java:290)
	at org.apache.iotdb.session.Session.close(Session.java:658)
	at org.apache.iotdb.session.TableSession.close(TableSession.java:62)
	at cn.edu.tsinghua.iot.benchmark.iotdb200.DMLStrategy.TableSessionManager.close(TableSessionManager.java:115)
	at cn.edu.tsinghua.iot.benchmark.iotdb200.DMLStrategy.SessionStrategy.close(SessionStrategy.java:493)
	at cn.edu.tsinghua.iot.benchmark.iotdb200.IoTDB.close(IoTDB.java:136)
	at cn.edu.tsinghua.iot.benchmark.tsdb.DBWrapper.close(DBWrapper.java:558)
	at cn.edu.tsinghua.iot.benchmark.client.DataClient.run(DataClient.java:135)
	at java.base/java.util.concurrent.Executors$RunnableAdapter.call(Executors.java:539)
	at java.base/java.util.concurrent.FutureTask.run(FutureTask.java:264)
	at java.base/java.util.concurrent.ThreadPoolExecutor.runWorker(ThreadPoolExecutor.java:1136)
	at java.base/java.util.concurrent.ThreadPoolExecutor$Worker.run(ThreadPoolExecutor.java:635)
	at java.base/java.lang.Thread.run(Thread.java:840)
2026-05-29 02:21:55,199 WARN  org.apache.thrift.transport.TIOStreamTransport:158 - Error closing output stream. 
java.net.SocketException: Socket closed
	at java.base/sun.nio.ch.NioSocketImpl.ensureOpenAndConnected(NioSocketImpl.java:165)
	at java.base/sun.nio.ch.NioSocketImpl.beginWrite(NioSocketImpl.java:371)
	at java.base/sun.nio.ch.NioSocketImpl.implWrite(NioSocketImpl.java:416)
	at java.base/sun.nio.ch.NioSocketImpl.write(NioSocketImpl.java:445)
	at java.base/sun.nio.ch.NioSocketImpl$2.write(NioSocketImpl.java:831)
	at java.base/java.net.Socket$SocketOutputStream.write(Socket.java:1035)
	at java.base/java.io.BufferedOutputStream.flushBuffer(BufferedOutputStream.java:81)
	at java.base/java.io.BufferedOutputStream.flush(BufferedOutputStream.java:142)
	at java.base/java.io.FilterOutputStream.close(FilterOutputStream.java:182)
	at org.apache.thrift.transport.TIOStreamTransport.close(TIOStreamTransport.java:156)
	at org.apache.thrift.transport.TSocket.close(TSocket.java:252)
	at org.apache.iotdb.rpc.TElasticFramedTransport.close(TElasticFramedTransport.java:115)
	at org.apache.iotdb.session.SessionConnection.close(SessionConnection.java:290)
	at org.apache.iotdb.session.Session.close(Session.java:658)
	at org.apache.iotdb.session.TableSession.close(TableSession.java:62)
	at cn.edu.tsinghua.iot.benchmark.iotdb200.DMLStrategy.TableSessionManager.close(TableSessionManager.java:115)
	at cn.edu.tsinghua.iot.benchmark.iotdb200.DMLStrategy.SessionStrategy.close(SessionStrategy.java:493)
	at cn.edu.tsinghua.iot.benchmark.iotdb200.IoTDB.close(IoTDB.java:136)
	at cn.edu.tsinghua.iot.benchmark.tsdb.DBWrapper.close(DBWrapper.java:558)
	at cn.edu.tsinghua.iot.benchmark.client.DataClient.run(DataClient.java:135)
	at java.base/java.util.concurrent.Executors$RunnableAdapter.call(Executors.java:539)
	at java.base/java.util.concurrent.FutureTask.run(FutureTask.java:264)
	at java.base/java.util.concurrent.ThreadPoolExecutor.runWorker(ThreadPoolExecutor.java:1136)
	at java.base/java.util.concurrent.ThreadPoolExecutor$Worker.run(ThreadPoolExecutor.java:635)
	at java.base/java.lang.Thread.run(Thread.java:840)
2026-05-29 02:23:42,885 WARN  org.apache.thrift.transport.TIOStreamTransport:158 - Error closing output stream. 
java.net.SocketException: Socket closed
	at java.base/sun.nio.ch.NioSocketImpl.ensureOpenAndConnected(NioSocketImpl.java:165)
	at java.base/sun.nio.ch.NioSocketImpl.beginWrite(NioSocketImpl.java:371)
	at java.base/sun.nio.ch.NioSocketImpl.implWrite(NioSocketImpl.java:416)
	at java.base/sun.nio.ch.NioSocketImpl.write(NioSocketImpl.java:445)
	at java.base/sun.nio.ch.NioSocketImpl$2.write(NioSocketImpl.java:831)
	at java.base/java.net.Socket$SocketOutputStream.write(Socket.java:1035)
	at java.base/java.io.BufferedOutputStream.flushBuffer(BufferedOutputStream.java:81)
	at java.base/java.io.BufferedOutputStream.flush(BufferedOutputStream.java:142)
	at java.base/java.io.FilterOutputStream.close(FilterOutputStream.java:182)
	at org.apache.thrift.transport.TIOStreamTransport.close(TIOStreamTransport.java:156)
	at org.apache.thrift.transport.TSocket.close(TSocket.java:252)
	at org.apache.iotdb.rpc.TElasticFramedTransport.close(TElasticFramedTransport.java:115)
	at org.apache.iotdb.session.SessionConnection.close(SessionConnection.java:290)
	at org.apache.iotdb.session.Session.close(Session.java:658)
	at org.apache.iotdb.session.TableSession.close(TableSession.java:62)
	at cn.edu.tsinghua.iot.benchmark.iotdb200.DMLStrategy.TableSessionManager.close(TableSessionManager.java:115)
	at cn.edu.tsinghua.iot.benchmark.iotdb200.DMLStrategy.SessionStrategy.close(SessionStrategy.java:493)
	at cn.edu.tsinghua.iot.benchmark.iotdb200.IoTDB.close(IoTDB.java:136)
	at cn.edu.tsinghua.iot.benchmark.tsdb.DBWrapper.close(DBWrapper.java:558)
	at cn.edu.tsinghua.iot.benchmark.client.DataClient.run(DataClient.java:135)
	at java.base/java.util.concurrent.Executors$RunnableAdapter.call(Executors.java:539)
	at java.base/java.util.concurrent.FutureTask.run(FutureTask.java:264)
	at java.base/java.util.concurrent.ThreadPoolExecutor.runWorker(ThreadPoolExecutor.java:1136)
	at java.base/java.util.concurrent.ThreadPoolExecutor$Worker.run(ThreadPoolExecutor.java:635)
	at java.base/java.lang.Thread.run(Thread.java:840)
2026-05-29 02:24:34,015 WARN  org.apache.thrift.transport.TIOStreamTransport:158 - Error closing output stream. 
java.net.SocketException: Socket closed
	at java.base/sun.nio.ch.NioSocketImpl.ensureOpenAndConnected(NioSocketImpl.java:165)
	at java.base/sun.nio.ch.NioSocketImpl.beginWrite(NioSocketImpl.java:371)
	at java.base/sun.nio.ch.NioSocketImpl.implWrite(NioSocketImpl.java:416)
	at java.base/sun.nio.ch.NioSocketImpl.write(NioSocketImpl.java:445)
	at java.base/sun.nio.ch.NioSocketImpl$2.write(NioSocketImpl.java:831)
	at java.base/java.net.Socket$SocketOutputStream.write(Socket.java:1035)
	at java.base/java.io.BufferedOutputStream.flushBuffer(BufferedOutputStream.java:81)
	at java.base/java.io.BufferedOutputStream.flush(BufferedOutputStream.java:142)
	at java.base/java.io.FilterOutputStream.close(FilterOutputStream.java:182)
	at org.apache.thrift.transport.TIOStreamTransport.close(TIOStreamTransport.java:156)
	at org.apache.thrift.transport.TSocket.close(TSocket.java:252)
	at org.apache.iotdb.rpc.TElasticFramedTransport.close(TElasticFramedTransport.java:115)
	at org.apache.iotdb.session.SessionConnection.close(SessionConnection.java:290)
	at org.apache.iotdb.session.Session.close(Session.java:658)
	at org.apache.iotdb.session.TableSession.close(TableSession.java:62)
	at cn.edu.tsinghua.iot.benchmark.iotdb200.DMLStrategy.TableSessionManager.close(TableSessionManager.java:115)
	at cn.edu.tsinghua.iot.benchmark.iotdb200.DMLStrategy.SessionStrategy.close(SessionStrategy.java:493)
	at cn.edu.tsinghua.iot.benchmark.iotdb200.IoTDB.close(IoTDB.java:136)
	at cn.edu.tsinghua.iot.benchmark.tsdb.DBWrapper.close(DBWrapper.java:558)
	at cn.edu.tsinghua.iot.benchmark.client.DataClient.run(DataClient.java:135)
	at java.base/java.util.concurrent.Executors$RunnableAdapter.call(Executors.java:539)
	at java.base/java.util.concurrent.FutureTask.run(FutureTask.java:264)
	at java.base/java.util.concurrent.ThreadPoolExecutor.runWorker(ThreadPoolExecutor.java:1136)
	at java.base/java.util.concurrent.ThreadPoolExecutor$Worker.run(ThreadPoolExecutor.java:635)
	at java.base/java.lang.Thread.run(Thread.java:840)
2026-05-29 02:26:38,865 WARN  org.apache.thrift.transport.TIOStreamTransport:158 - Error closing output stream. 
java.net.SocketException: Socket closed
	at java.base/sun.nio.ch.NioSocketImpl.ensureOpenAndConnected(NioSocketImpl.java:165)
	at java.base/sun.nio.ch.NioSocketImpl.beginWrite(NioSocketImpl.java:371)
	at java.base/sun.nio.ch.NioSocketImpl.implWrite(NioSocketImpl.java:416)
	at java.base/sun.nio.ch.NioSocketImpl.write(NioSocketImpl.java:445)
	at java.base/sun.nio.ch.NioSocketImpl$2.write(NioSocketImpl.java:831)
	at java.base/java.net.Socket$SocketOutputStream.write(Socket.java:1035)
	at java.base/java.io.BufferedOutputStream.flushBuffer(BufferedOutputStream.java:81)
	at java.base/java.io.BufferedOutputStream.flush(BufferedOutputStream.java:142)
	at java.base/java.io.FilterOutputStream.close(FilterOutputStream.java:182)
	at org.apache.thrift.transport.TIOStreamTransport.close(TIOStreamTransport.java:156)
	at org.apache.thrift.transport.TSocket.close(TSocket.java:252)
	at org.apache.iotdb.rpc.TElasticFramedTransport.close(TElasticFramedTransport.java:115)
	at org.apache.iotdb.session.SessionConnection.close(SessionConnection.java:290)
	at org.apache.iotdb.session.Session.close(Session.java:658)
	at org.apache.iotdb.session.TableSession.close(TableSession.java:62)
	at cn.edu.tsinghua.iot.benchmark.iotdb200.DMLStrategy.TableSessionManager.close(TableSessionManager.java:115)
	at cn.edu.tsinghua.iot.benchmark.iotdb200.DMLStrategy.SessionStrategy.close(SessionStrategy.java:493)
	at cn.edu.tsinghua.iot.benchmark.iotdb200.IoTDB.close(IoTDB.java:136)
	at cn.edu.tsinghua.iot.benchmark.tsdb.DBWrapper.close(DBWrapper.java:558)
	at cn.edu.tsinghua.iot.benchmark.client.DataClient.run(DataClient.java:135)
	at java.base/java.util.concurrent.Executors$RunnableAdapter.call(Executors.java:539)
	at java.base/java.util.concurrent.FutureTask.run(FutureTask.java:264)
	at java.base/java.util.concurrent.ThreadPoolExecutor.runWorker(ThreadPoolExecutor.java:1136)
	at java.base/java.util.concurrent.ThreadPoolExecutor$Worker.run(ThreadPoolExecutor.java:635)
	at java.base/java.lang.Thread.run(Thread.java:840)
2026-05-29 03:10:47,942 WARN  org.apache.thrift.transport.TIOStreamTransport:158 - Error closing output stream. 
java.net.SocketException: Socket closed
	at java.base/sun.nio.ch.NioSocketImpl.ensureOpenAndConnected(NioSocketImpl.java:165)
	at java.base/sun.nio.ch.NioSocketImpl.beginWrite(NioSocketImpl.java:371)
	at java.base/sun.nio.ch.NioSocketImpl.implWrite(NioSocketImpl.java:416)
	at java.base/sun.nio.ch.NioSocketImpl.write(NioSocketImpl.java:445)
	at java.base/sun.nio.ch.NioSocketImpl$2.write(NioSocketImpl.java:831)
	at java.base/java.net.Socket$SocketOutputStream.write(Socket.java:1035)
	at java.base/java.io.BufferedOutputStream.flushBuffer(BufferedOutputStream.java:81)
	at java.base/java.io.BufferedOutputStream.flush(BufferedOutputStream.java:142)
	at java.base/java.io.FilterOutputStream.close(FilterOutputStream.java:182)
	at org.apache.thrift.transport.TIOStreamTransport.close(TIOStreamTransport.java:156)
	at org.apache.thrift.transport.TSocket.close(TSocket.java:252)
	at org.apache.iotdb.rpc.TElasticFramedTransport.close(TElasticFramedTransport.java:115)
	at org.apache.iotdb.session.SessionConnection.close(SessionConnection.java:290)
	at org.apache.iotdb.session.Session.close(Session.java:658)
	at org.apache.iotdb.session.TableSession.close(TableSession.java:62)
	at cn.edu.tsinghua.iot.benchmark.iotdb200.DMLStrategy.TableSessionManager.close(TableSessionManager.java:115)
	at cn.edu.tsinghua.iot.benchmark.iotdb200.DMLStrategy.SessionStrategy.close(SessionStrategy.java:493)
	at cn.edu.tsinghua.iot.benchmark.iotdb200.IoTDB.close(IoTDB.java:136)
	at cn.edu.tsinghua.iot.benchmark.tsdb.DBWrapper.close(DBWrapper.java:558)
	at cn.edu.tsinghua.iot.benchmark.client.DataClient.run(DataClient.java:135)
	at java.base/java.util.concurrent.Executors$RunnableAdapter.call(Executors.java:539)
	at java.base/java.util.concurrent.FutureTask.run(FutureTask.java:264)
	at java.base/java.util.concurrent.ThreadPoolExecutor.runWorker(ThreadPoolExecutor.java:1136)
	at java.base/java.util.concurrent.ThreadPoolExecutor$Worker.run(ThreadPoolExecutor.java:635)
	at java.base/java.lang.Thread.run(Thread.java:840)
2026-05-29 03:11:36,554 WARN  org.apache.thrift.transport.TIOStreamTransport:158 - Error closing output stream. 
java.net.SocketException: Socket closed
	at java.base/sun.nio.ch.NioSocketImpl.ensureOpenAndConnected(NioSocketImpl.java:165)
	at java.base/sun.nio.ch.NioSocketImpl.beginWrite(NioSocketImpl.java:371)
	at java.base/sun.nio.ch.NioSocketImpl.implWrite(NioSocketImpl.java:416)
	at java.base/sun.nio.ch.NioSocketImpl.write(NioSocketImpl.java:445)
	at java.base/sun.nio.ch.NioSocketImpl$2.write(NioSocketImpl.java:831)
	at java.base/java.net.Socket$SocketOutputStream.write(Socket.java:1035)
	at java.base/java.io.BufferedOutputStream.flushBuffer(BufferedOutputStream.java:81)
	at java.base/java.io.BufferedOutputStream.flush(BufferedOutputStream.java:142)
	at java.base/java.io.FilterOutputStream.close(FilterOutputStream.java:182)
	at org.apache.thrift.transport.TIOStreamTransport.close(TIOStreamTransport.java:156)
	at org.apache.thrift.transport.TSocket.close(TSocket.java:252)
	at org.apache.iotdb.rpc.TElasticFramedTransport.close(TElasticFramedTransport.java:115)
	at org.apache.iotdb.session.SessionConnection.close(SessionConnection.java:290)
	at org.apache.iotdb.session.Session.close(Session.java:658)
	at org.apache.iotdb.session.TableSession.close(TableSession.java:62)
	at cn.edu.tsinghua.iot.benchmark.iotdb200.DMLStrategy.TableSessionManager.close(TableSessionManager.java:115)
	at cn.edu.tsinghua.iot.benchmark.iotdb200.DMLStrategy.SessionStrategy.close(SessionStrategy.java:493)
	at cn.edu.tsinghua.iot.benchmark.iotdb200.IoTDB.close(IoTDB.java:136)
	at cn.edu.tsinghua.iot.benchmark.tsdb.DBWrapper.close(DBWrapper.java:558)
	at cn.edu.tsinghua.iot.benchmark.client.DataClient.run(DataClient.java:135)
	at java.base/java.util.concurrent.Executors$RunnableAdapter.call(Executors.java:539)
	at java.base/java.util.concurrent.FutureTask.run(FutureTask.java:264)
	at java.base/java.util.concurrent.ThreadPoolExecutor.runWorker(ThreadPoolExecutor.java:1136)
	at java.base/java.util.concurrent.ThreadPoolExecutor$Worker.run(ThreadPoolExecutor.java:635)
	at java.base/java.lang.Thread.run(Thread.java:840)
